
> @figma/my-make-file@0.0.1 build
> vite build

[36mvite v6.3.5 [32mbuilding for production...[36m[39m
transforming...
[32mΓ£ô[39m 3921 modules transformed.
rendering chunks...
computing gzip size...
[2mdist/[22m[32mmanifest.webmanifest                        [39m[1m[2m    0.49 kB[22m[1m[22m
[2mdist/[22m[32mindex.html                                  [39m[1m[2m    0.92 kB[22m[1m[22m[2m Γöé gzip:   0.52 kB[22m
[2mdist/[22m[35massets/index-D6lKk-mn.css                   [39m[1m[2m  274.53 kB[22m[1m[22m[2m Γöé gzip:  34.69 kB[22m
[2mdist/[22m[36massets/workbox-window.prod.es5-CcvICf7O.js  [39m[1m[2m    5.78 kB[22m[1m[22m[2m Γöé gzip:   2.37 kB[22m
[2mdist/[22m[36massets/index-ArOL7MWk.js                    [39m[1m[33m2,711.49 kB[39m[22m[2m Γöé gzip: 793.28 kB[22m
node.exe : [33m
At C:\Program Files\nod
ejs\npm.ps1:29 char:3
+   & $NODE_EXE 
$NPM_CLI_JS $args
+   ~~~~~~~~~~~~~~~~~~~
~~~~~~~~~~
    + CategoryInfo     
         : 
NotSpecified: ([3    
3m:String) [], RemoteE 
   xception
    + 
FullyQualifiedErrorI   
 d : NativeCommandError
 
(!) Some chunks are 
larger than 500 kB 
after minification. 
Consider:
- Using dynamic 
import() to code-split 
the application
- Use build.rollupOptio
ns.output.manualChunks 
to improve chunking: ht
tps://rollupjs.org/conf
iguration-options/#outp
ut-manualchunks
- Adjust chunk size 
limit for this warning 
via build.chunkSizeWarn
ingLimit.[39m
[32mΓ£ô built in 8.85s[39m

PWA v1.2.0
mode      generateSW
precache  6 entries (2922.58 KiB)
files generated
  dist/sw.js
  dist/workbox-8c29f6e4.js
